476 failing gaps of size [53,100] bits from clean_catalog.json (tiers: {'silver': 464, 'gold': 12})

gaps landed by >=1 single header override: 154/476 (by tier: {'silver': 152, 'gold': 2})
solutions-per-gap histogram (10 = >=10): {0: 322, 1: 76, 2: 35, 3: 14, 4: 3, 5: 9, 6: 3, 7: 2, 8: 2, 9: 3, 10: 7}

top candidates (votes / gold / unique / kind / bits / forced-symbol):
      4  gold   0  uniq    1  cbpy   11         -> (0,)
      4  gold   0  uniq    0  cbpy   1          -> (8,)
      4  gold   0  uniq    1  cbpy   1          -> (0,)
      3  gold   0  uniq    0  cbpy   1          -> (5,)
      3  gold   0  uniq    1  cbpy   1111       -> (0,)
      3  gold   0  uniq    2  mcbpc  1          -> (3, 1)
      3  gold   0  uniq    0  cbpy   1          -> (1,)
      3  gold   0  uniq    2  cbpy   11         -> (1,)
      3  gold   0  uniq    0  cbpy   0          -> (1,)
      2  gold   0  uniq    0  cbpy   00         -> (8,)
      2  gold   0  uniq    0  cbpy   010        -> (4,)
      2  gold   0  uniq    1  cbpy   111        -> (1,)
      2  gold   0  uniq    0  cbpy   111010     -> (4,)
      2  gold   0  uniq    0  cbpy   1          -> (4,)
      2  gold   0  uniq    0  cbpy   11101000   -> (0,)
      2  gold   0  uniq    0  cbpy   010        -> (2,)
      2  gold   0  uniq    1  cbpy   0101       -> (2,)
      2  gold   0  uniq    0  mcbpc  00         -> (4, 1)
      2  gold   0  uniq    0  cbpy   01000      -> (0,)
      2  gold   0  uniq    2  cbpy   0000       -> (0,)
      2  gold   0  uniq    0  cbpy   000        -> (7,)
      2  gold   0  uniq    0  cbpy   10         -> (8,)
      2  gold   0  uniq    0  mcbpc  100010     -> (3, 0)
      2  gold   0  uniq    0  mcbpc  1          -> (4, 1)
      2  gold   0  uniq    0  cbpy   101        -> (0,)
      2  gold   0  uniq    0  cbpy   1000       -> (10,)
      2  gold   0  uniq    2  mcbpc  0          -> (3, 0)
      2  gold   0  uniq    1  cbpy   10         -> (12,)
      2  gold   0  uniq    0  cbpy   11         -> (8,)
      2  gold   0  uniq    1  cbpy   0111       -> (0,)
      2  gold   0  uniq    0  cbpy   100000     -> (2,)
      2  gold   0  uniq    0  cbpy   100000     -> (8,)
      2  gold   0  uniq    0  cbpy   100        -> (2,)
      2  gold   0  uniq    0  cbpy   10         -> (2,)
      2  gold   0  uniq    0  cbpy   10         -> (5,)
      2  gold   0  uniq    1  cbpy   110        -> (1,)
      2  gold   0  uniq    1  cbpy   11         -> (2,)
      2  gold   0  uniq    0  cbpy   0          -> (4,)
      2  gold   1  uniq    0  cbpy   1          -> (10,)
      1  gold   0  uniq    0  cbpy   0100       -> (4,)

aggregate by (kind, len, forced-symbol):
     12  uniq    6  cbpy   len 5  -> (0,)
     10  uniq    3  cbpy   len 6  -> (0,)
     10  uniq    6  cbpy   len 4  -> (0,)
      9  uniq    3  cbpy   len 8  -> (0,)
      7  uniq    0  cbpy   len 2  -> (8,)
      7  uniq    1  cbpy   len 6  -> (4,)
      7  uniq    2  cbpy   len 3  -> (1,)
      7  uniq    2  cbpy   len 6  -> (8,)
      6  uniq    1  cbpy   len 7  -> (4,)
      6  uniq    0  cbpy   len 8  -> (8,)
      6  uniq    0  cbpy   len 1  -> (1,)
      6  uniq    1  cbpy   len 4  -> (1,)
      5  uniq    0  cbpy   len 6  -> (2,)
      5  uniq    1  cbpy   len 2  -> (0,)
      5  uniq    0  cbpy   len 3  -> (0,)
      5  uniq    1  cbpy   len 8  -> (4,)
      5  uniq    0  cbpy   len 1  -> (8,)
      5  uniq    2  cbpy   len 1  -> (0,)
      5  uniq    0  cbpy   len 8  -> (2,)
      5  uniq    0  cbpy   len 3  -> (2,)

cbpy raw-field consistency (votes where forced == f(bits)):
  identity       14/334 votes (4 unique)
  complement     27/334 votes (6 unique)
  bit-reversed   19/334 votes (5 unique)
  rev-complement 22/334 votes (4 unique)

written header_remap_results_clean.json
